                      (  hello_world.asm):00001         ; [TURBO9_HEADER_START]
                      (  hello_world.asm):00002         ; ////////////////////////////////////////////////////////////////////////////
                      (  hello_world.asm):00003         ;                          Turbo9 Microprocessor IP
                      (  hello_world.asm):00004         ; ////////////////////////////////////////////////////////////////////////////
                      (  hello_world.asm):00005         ; Website: www.turbo9.org
                      (  hello_world.asm):00006         ; Contact: team[at]turbo9[dot]org
                      (  hello_world.asm):00007         ; ////////////////////////////////////////////////////////////////////////////
                      (  hello_world.asm):00008         ; [TURBO9_LICENSE_START]
                      (  hello_world.asm):00009         ; BSD-1-Clause
                      (  hello_world.asm):00010         ;
                      (  hello_world.asm):00011         ; Copyright (c) 2020-2023
                      (  hello_world.asm):00012         ; Kevin Phillipson
                      (  hello_world.asm):00013         ; Michael Rywalt
                      (  hello_world.asm):00014         ; All rights reserved.
                      (  hello_world.asm):00015         ;
                      (  hello_world.asm):00016         ; Redistribution and use in source and binary forms, with or without
                      (  hello_world.asm):00017         ; modification, are permitted provided that the following conditions are met:
                      (  hello_world.asm):00018         ;
                      (  hello_world.asm):00019         ; 1. Redistributions of source code must retain the above copyright notice,
                      (  hello_world.asm):00020         ;    this list of conditions and the following disclaimer.
                      (  hello_world.asm):00021         ;
                      (  hello_world.asm):00022         ; THIS SOFTWARE IS PROVIDED BY THE COPYRIGHT HOLDERS AND CONTRIBUTORS "AS IS"
                      (  hello_world.asm):00023         ; AND ANY EXPRESS OR IMPLIED WARRANTIES, INCLUDING, BUT NOT LIMITED TO, THE
                      (  hello_world.asm):00024         ; IMPLIED WARRANTIES OF MERCHANTABILITY AND FITNESS FOR A PARTICULAR PURPOSE
                      (  hello_world.asm):00025         ; ARE DISCLAIMED. IN NO EVENT SHALL THE COPYRIGHT HOLDERS AND CONTRIBUTORS BE
                      (  hello_world.asm):00026         ; LIABLE FOR ANY DIRECT, INDIRECT, INCIDENTAL, SPECIAL, EXEMPLARY, OR
                      (  hello_world.asm):00027         ; CONSEQUENTIAL DAMAGES (INCLUDING, BUT NOT LIMITED TO, PROCUREMENT OF
                      (  hello_world.asm):00028         ; SUBSTITUTE GOODS OR SERVICES; LOSS OF USE, DATA, OR PROFITS; OR BUSINESS
                      (  hello_world.asm):00029         ; INTERRUPTION) HOWEVER CAUSED AND ON ANY THEORY OF LIABILITY, WHETHER IN
                      (  hello_world.asm):00030         ; CONTRACT, STRICT LIABILITY, OR TORT (INCLUDING NEGLIGENCE OR OTHERWISE)
                      (  hello_world.asm):00031         ; ARISING IN ANY WAY OUT OF THE USE OF THIS SOFTWARE, EVEN IF ADVISED OF THE
                      (  hello_world.asm):00032         ; POSSIBILITY OF SUCH DAMAGE.
                      (  hello_world.asm):00033         ; [TURBO9_LICENSE_END]
                      (  hello_world.asm):00034         ; ////////////////////////////////////////////////////////////////////////////
                      (  hello_world.asm):00035         ; Engineer: Kevin Phillipson
                      (  hello_world.asm):00036         ; Description: Hello World in assembly 
                      (  hello_world.asm):00037         ;
                      (  hello_world.asm):00038         ; ////////////////////////////////////////////////////////////////////////////
                      (  hello_world.asm):00039         ; History:
                      (  hello_world.asm):00040         ; 07.14.2023 - Kevin Phillipson
                      (  hello_world.asm):00041         ;   File header added
                      (  hello_world.asm):00042         ;
                      (  hello_world.asm):00043         ; ////////////////////////////////////////////////////////////////////////////
                      (  hello_world.asm):00044         ; [TURBO9_HEADER_END]
                      (  hello_world.asm):00045           
                      (  hello_world.asm):00046           include turbo9_boot_io_lib.sym
     FCB8             (9_boot_io_lib.sym):00001         boot_return EQU $FCB8
     FD4A             (9_boot_io_lib.sym):00002         getchar_b EQU $FD4A
     FD55             (9_boot_io_lib.sym):00003         gethex_16bit EQU $FD55
     FD5C             (9_boot_io_lib.sym):00004         gethex_byte EQU $FD5C
     FD69             (9_boot_io_lib.sym):00005         gethex_digit EQU $FD69
     FD88             (9_boot_io_lib.sym):00006         print_string EQU $FD88
     FD7A             (9_boot_io_lib.sym):00007         putchar_b EQU $FD7A
     FDA0             (9_boot_io_lib.sym):00008         puthex_16bit EQU $FDA0
     FDA9             (9_boot_io_lib.sym):00009         puthex_byte EQU $FDA9
     FDB6             (9_boot_io_lib.sym):00010         puthex_digit EQU $FDB6
                      (  hello_world.asm):00047         
     1111             (  hello_world.asm):00048         prog_start  equ $1111
                      (  hello_world.asm):00049         ; ////////////////////////////////////////////////////////////////////////////
                      (  hello_world.asm):00050         ;                            Main Program
                      (  hello_world.asm):00051         ; ////////////////////////////////////////////////////////////////////////////
                      (  hello_world.asm):00052         
                      (  hello_world.asm):00053           org   prog_start
                      (  hello_world.asm):00054         
1111 CC111A           (  hello_world.asm):00055           ldd   #string_hello_world
1114 BDFD88           (  hello_world.asm):00056           jsr   print_string
1117 7EFCB8           (  hello_world.asm):00057           jmp   boot_return
                      (  hello_world.asm):00058         
                      (  hello_world.asm):00059         ; ////////////////////////////////////////////////////////////////////////////
                      (  hello_world.asm):00060         ;                              Data Block
                      (  hello_world.asm):00061         ; ////////////////////////////////////////////////////////////////////////////
                      (  hello_world.asm):00062         
111A                  (  hello_world.asm):00063         string_hello_world
111A 0A               (  hello_world.asm):00064           fcb  $0a
111B 0A               (  hello_world.asm):00065           fcb  $0a
111C 48656C6C6F20576F (  hello_world.asm):00066           fcc  "Hello World!"
     726C6421
1128 0A               (  hello_world.asm):00067           fcb  $0a
1129 00               (  hello_world.asm):00068           fcb  $00
                      (  hello_world.asm):00069         
                      (  hello_world.asm):00070           END   prog_start
