                      (  turbo9_boot.asm):00001         ; [TURBO9_HEADER_START]
                      (  turbo9_boot.asm):00002         ; ////////////////////////////////////////////////////////////////////////////
                      (  turbo9_boot.asm):00003         ;                          Turbo9 Microprocessor IP
                      (  turbo9_boot.asm):00004         ; ////////////////////////////////////////////////////////////////////////////
                      (  turbo9_boot.asm):00005         ; Website: www.turbo9.org
                      (  turbo9_boot.asm):00006         ; Contact: team[at]turbo9[dot]org
                      (  turbo9_boot.asm):00007         ; ////////////////////////////////////////////////////////////////////////////
                      (  turbo9_boot.asm):00008         ; [TURBO9_LICENSE_START]
                      (  turbo9_boot.asm):00009         ; BSD-1-Clause
                      (  turbo9_boot.asm):00010         ;
                      (  turbo9_boot.asm):00011         ; Copyright (c) 2020-2023
                      (  turbo9_boot.asm):00012         ; Kevin Phillipson
                      (  turbo9_boot.asm):00013         ; Michael Rywalt
                      (  turbo9_boot.asm):00014         ; All rights reserved.
                      (  turbo9_boot.asm):00015         ;
                      (  turbo9_boot.asm):00016         ; Redistribution and use in source and binary forms, with or without
                      (  turbo9_boot.asm):00017         ; modification, are permitted provided that the following conditions are met:
                      (  turbo9_boot.asm):00018         ;
                      (  turbo9_boot.asm):00019         ; 1. Redistributions of source code must retain the above copyright notice,
                      (  turbo9_boot.asm):00020         ;    this list of conditions and the following disclaimer.
                      (  turbo9_boot.asm):00021         ;
                      (  turbo9_boot.asm):00022         ; THIS SOFTWARE IS PROVIDED BY THE COPYRIGHT HOLDERS AND CONTRIBUTORS "AS IS"
                      (  turbo9_boot.asm):00023         ; AND ANY EXPRESS OR IMPLIED WARRANTIES, INCLUDING, BUT NOT LIMITED TO, THE
                      (  turbo9_boot.asm):00024         ; IMPLIED WARRANTIES OF MERCHANTABILITY AND FITNESS FOR A PARTICULAR PURPOSE
                      (  turbo9_boot.asm):00025         ; ARE DISCLAIMED. IN NO EVENT SHALL THE COPYRIGHT HOLDERS AND CONTRIBUTORS BE
                      (  turbo9_boot.asm):00026         ; LIABLE FOR ANY DIRECT, INDIRECT, INCIDENTAL, SPECIAL, EXEMPLARY, OR
                      (  turbo9_boot.asm):00027         ; CONSEQUENTIAL DAMAGES (INCLUDING, BUT NOT LIMITED TO, PROCUREMENT OF
                      (  turbo9_boot.asm):00028         ; SUBSTITUTE GOODS OR SERVICES; LOSS OF USE, DATA, OR PROFITS; OR BUSINESS
                      (  turbo9_boot.asm):00029         ; INTERRUPTION) HOWEVER CAUSED AND ON ANY THEORY OF LIABILITY, WHETHER IN
                      (  turbo9_boot.asm):00030         ; CONTRACT, STRICT LIABILITY, OR TORT (INCLUDING NEGLIGENCE OR OTHERWISE)
                      (  turbo9_boot.asm):00031         ; ARISING IN ANY WAY OUT OF THE USE OF THIS SOFTWARE, EVEN IF ADVISED OF THE
                      (  turbo9_boot.asm):00032         ; POSSIBILITY OF SUCH DAMAGE.
                      (  turbo9_boot.asm):00033         ; [TURBO9_LICENSE_END]
                      (  turbo9_boot.asm):00034         ; ////////////////////////////////////////////////////////////////////////////
                      (  turbo9_boot.asm):00035         ; Engineer:
                      (  turbo9_boot.asm):00036         ; Description:
                      (  turbo9_boot.asm):00037         ;
                      (  turbo9_boot.asm):00038         ; ////////////////////////////////////////////////////////////////////////////
                      (  turbo9_boot.asm):00039         ; History:
                      (  turbo9_boot.asm):00040         ; 07.14.2023 - Kevin Phillipson
                      (  turbo9_boot.asm):00041         ;   File header added
                      (  turbo9_boot.asm):00042         ;
                      (  turbo9_boot.asm):00043         ; ////////////////////////////////////////////////////////////////////////////
                      (  turbo9_boot.asm):00044         ; [TURBO9_HEADER_END]
                      (  turbo9_boot.asm):00045         ;
                      (  turbo9_boot.asm):00046         ; Turbo9 S19 Bootloader
                      (  turbo9_boot.asm):00047         ;
                      (  turbo9_boot.asm):00048         ; Kevin Phillipson
                      (  turbo9_boot.asm):00049         ;
                      (  turbo9_boot.asm):00050         
                      (  turbo9_boot.asm):00051         ; //////////// Memory Map
                      (  turbo9_boot.asm):00052         ;
                      (  turbo9_boot.asm):00053         ;
                      (  turbo9_boot.asm):00054         ; Boot ROM (Vector Table): FFFF - FFF0
                      (  turbo9_boot.asm):00055         ;
                      (  turbo9_boot.asm):00056         ; FFFE : FFFF   RESET_VECTOR
                      (  turbo9_boot.asm):00057         ; FFFC : FFFD   NMI_VECTOR
                      (  turbo9_boot.asm):00058         ; FFFA : FFFB   SWI_VECTOR
                      (  turbo9_boot.asm):00059         ; FFF8 : FFF9   IRQ_VECTOR
                      (  turbo9_boot.asm):00060         ; FFF6 : FFF7   FIRQ_VECTOR
                      (  turbo9_boot.asm):00061         ; FFF4 : FFF5   SWI2_VECTOR
                      (  turbo9_boot.asm):00062         ; FFF2 : FFF3   SWI3_VECTOR
                      (  turbo9_boot.asm):00063         ; FFF0 : FFF1   RESERVED_VECTOR
                      (  turbo9_boot.asm):00064         ;
                      (  turbo9_boot.asm):00065         ;
                      (  turbo9_boot.asm):00066         ; I/O Space: FF09 - FF00
                      (  turbo9_boot.asm):00067         ;
                      (  turbo9_boot.asm):00068         ; FF09          ROM_ENABLE        (read)  /  ROM_ENABLE   (write)
                      (  turbo9_boot.asm):00069         ; FF08          CLK_CNT_CTRL[1:0] (read)  /  CLK_CNT_CTRL (write)
                      (  turbo9_boot.asm):00070         ; FF04 : FF07   CLK_CNT[31:0]     (read)
                      (  turbo9_boot.asm):00071         ; FF03          ACIA_STATUS       (read)
                      (  turbo9_boot.asm):00072         ; FF02          ACIA_RX_DATA      (read)  /  ACIA_TX_DATA (write)
                      (  turbo9_boot.asm):00073         ; FF01          GPI PORT          (read)
                      (  turbo9_boot.asm):00074         ; FF00          GPO PORT          (read)  /  GPO_PORT    (write)
                      (  turbo9_boot.asm):00075         ;
                      (  turbo9_boot.asm):00076         ;
                      (  turbo9_boot.asm):00077         ; Boot ROM (RAM overlay when enabled): FFEF - FC00
                      (  turbo9_boot.asm):00078         ;
                      (  turbo9_boot.asm):00079         ;
                      (  turbo9_boot.asm):00080         ; General RAM: FBFF - 0000
                      (  turbo9_boot.asm):00081         ;
                      (  turbo9_boot.asm):00082         
     FF03             (  turbo9_boot.asm):00083         acia_status equ   $ff03
     FF02             (  turbo9_boot.asm):00084         acia_data   equ   $ff02
     FF01             (  turbo9_boot.asm):00085         gpi_port    equ   $ff01
     FF00             (  turbo9_boot.asm):00086         gpo_port    equ   $ff00
                      (  turbo9_boot.asm):00087         
                      (  turbo9_boot.asm):00088         
     FC00             (  turbo9_boot.asm):00089         boot_start  equ   $fc00       ; bootloader location -- the mirrored alias of
                      (  turbo9_boot.asm):00090                                        ; the real FE00 Boot ROM window (syncrom only
                      (  turbo9_boot.asm):00091                                        ; decodes 9 address bits, so FC00-FDFF reads
                      (  turbo9_boot.asm):00092                                        ; back the same 512 bytes as FE00-FFFF); using
                      (  turbo9_boot.asm):00093                                        ; this alias keeps the whole image contiguous
                      (  turbo9_boot.asm):00094                                        ; since it never crosses the FF00-FF09 I/O gap
     FBFF             (  turbo9_boot.asm):00095         boot_stack  equ   $fbff       ; must stay below FC00 -- that range reads ROM,
                      (  turbo9_boot.asm):00096                                        ; not RAM, while rom_en is set, so PSHS/RTS
                      (  turbo9_boot.asm):00097                                        ; there would read back stale ROM bytes
                      (  turbo9_boot.asm):00098         
                      (  turbo9_boot.asm):00099         
                      (  turbo9_boot.asm):00100         ; ////////////////////////////////////////////////////////////////////////////
                      (  turbo9_boot.asm):00101         ;                            Main Program
                      (  turbo9_boot.asm):00102         ; ////////////////////////////////////////////////////////////////////////////
                      (  turbo9_boot.asm):00103         
                      (  turbo9_boot.asm):00104         
                      (  turbo9_boot.asm):00105         ; //////////////////// Start of bootloader
                      (  turbo9_boot.asm):00106         ; //
                      (  turbo9_boot.asm):00107           org   boot_start
                      (  turbo9_boot.asm):00108         
FC00 10CEFBFF         (  turbo9_boot.asm):00109           lds   #boot_stack   ; set stack point
                      (  turbo9_boot.asm):00110         
FC04 7FFF00           (  turbo9_boot.asm):00111           clr   gpo_port  ; clear outport to communicate with TB
                      (  turbo9_boot.asm):00112         
                      (  turbo9_boot.asm):00113           ; B = general purpose
                      (  turbo9_boot.asm):00114           ; S = stack pointer
                      (  turbo9_boot.asm):00115         
                      (  turbo9_boot.asm):00116           ; A = byte_cnt,     S1 record byte count
                      (  turbo9_boot.asm):00117           ; X = checksum,
                      (  turbo9_boot.asm):00118           ; Y = write_addr,   Write address
                      (  turbo9_boot.asm):00119           ; U = total_bytes,  Total bytes written
                      (  turbo9_boot.asm):00120           
FC07 8E0000           (  turbo9_boot.asm):00121           ldx   #$0000        ; clear checksum
FC0A 1F13             (  turbo9_boot.asm):00122           tfr   x,u           ; clear total_bytes
                      (  turbo9_boot.asm):00123         
FC0C CCFCF2           (  turbo9_boot.asm):00124           ldd   #string_prompt
FC0F BDFD88           (  turbo9_boot.asm):00125           jsr   print_string
                      (  turbo9_boot.asm):00126          
                      (  turbo9_boot.asm):00127         ; //////////////////// Top of main Loop
                      (  turbo9_boot.asm):00128         ; //
FC12                  (  turbo9_boot.asm):00129         main_loop
FC12 BDFD4A           (  turbo9_boot.asm):00130           jsr   getchar_b
                      (  turbo9_boot.asm):00131         
FC15 C153             (  turbo9_boot.asm):00132           cmpb  #'S'
FC17 26F9             (  turbo9_boot.asm):00133           bne   main_loop
                      (  turbo9_boot.asm):00134         
FC19 BDFD4A           (  turbo9_boot.asm):00135           jsr   getchar_b
                      (  turbo9_boot.asm):00136         
FC1C C130             (  turbo9_boot.asm):00137           cmpb  #'0'
FC1E 270A             (  turbo9_boot.asm):00138           beq   s0_record
                      (  turbo9_boot.asm):00139         
FC20 C131             (  turbo9_boot.asm):00140           cmpb  #'1'
FC22 2725             (  turbo9_boot.asm):00141           beq   s1_record
                      (  turbo9_boot.asm):00142         
FC24 C139             (  turbo9_boot.asm):00143           cmpb  #'9'
FC26 2741             (  turbo9_boot.asm):00144           beq   s9_record
                      (  turbo9_boot.asm):00145         
FC28 20E8             (  turbo9_boot.asm):00146           bra   main_loop
                      (  turbo9_boot.asm):00147         
                      (  turbo9_boot.asm):00148         
                      (  turbo9_boot.asm):00149         ; //////////////////// S0 record
                      (  turbo9_boot.asm):00150         ; //
FC2A                  (  turbo9_boot.asm):00151         s0_record
FC2A 3084             (  turbo9_boot.asm):00152           leax  ,x            ; checksum still ok?
FC2C 26E4             (  turbo9_boot.asm):00153           bne   main_loop
FC2E BDFCC0           (  turbo9_boot.asm):00154           jsr   put_len_in_a
FC31 BDFCCD           (  turbo9_boot.asm):00155           jsr   put_addr_in_y
FC34                  (  turbo9_boot.asm):00156         s0r_loop
FC34 BDFD5C           (  turbo9_boot.asm):00157           jsr   gethex_byte
FC37 3085             (  turbo9_boot.asm):00158           leax  b,x           ; add_checksum
FC39 BDFD7A           (  turbo9_boot.asm):00159           jsr   putchar_b
FC3C 4A               (  turbo9_boot.asm):00160           deca                ; dec byte_cnt
FC3D 26F5             (  turbo9_boot.asm):00161           bne   s0r_loop
FC3F BDFCDF           (  turbo9_boot.asm):00162           jsr   calc_checksum_x
FC42 C620             (  turbo9_boot.asm):00163           ldb   #' '
FC44 BDFD7A           (  turbo9_boot.asm):00164           jsr   putchar_b     ; Print a space
FC47 20C9             (  turbo9_boot.asm):00165           bra   main_loop
                      (  turbo9_boot.asm):00166          
                      (  turbo9_boot.asm):00167         
                      (  turbo9_boot.asm):00168         ; //////////////////// S1 record
                      (  turbo9_boot.asm):00169         ; //
FC49                  (  turbo9_boot.asm):00170         s1_record
FC49 3084             (  turbo9_boot.asm):00171           leax  ,x            ; checksum still ok?
FC4B 26C5             (  turbo9_boot.asm):00172           bne   main_loop
FC4D BDFCC0           (  turbo9_boot.asm):00173           jsr   put_len_in_a
FC50 BDFCCD           (  turbo9_boot.asm):00174           jsr   put_addr_in_y
FC53                  (  turbo9_boot.asm):00175         s1r_loop
FC53 BDFD5C           (  turbo9_boot.asm):00176           jsr   gethex_byte
FC56 3085             (  turbo9_boot.asm):00177           leax  b,x           ; add_checksum
FC58 E7A0             (  turbo9_boot.asm):00178           stb   ,y+           ; write byte to write_addr; write_addr + 1
FC5A 3341             (  turbo9_boot.asm):00179           leau  1,u           ; U = total_bytes + 1
FC5C 4A               (  turbo9_boot.asm):00180           deca                ; dec byte_cnt
FC5D 26F4             (  turbo9_boot.asm):00181           bne   s1r_loop
FC5F BDFCDF           (  turbo9_boot.asm):00182           jsr   calc_checksum_x
FC62 C62E             (  turbo9_boot.asm):00183           ldb   #'.'
FC64 BDFD7A           (  turbo9_boot.asm):00184           jsr   putchar_b     ; Print progress bar
FC67 20A9             (  turbo9_boot.asm):00185           bra   main_loop
                      (  turbo9_boot.asm):00186         
                      (  turbo9_boot.asm):00187         
                      (  turbo9_boot.asm):00188         ; //////////////////// S9 record
                      (  turbo9_boot.asm):00189         ; //
FC69                  (  turbo9_boot.asm):00190         s9_record
FC69 3084             (  turbo9_boot.asm):00191           leax  ,x            ; checksum still ok?
FC6B 2612             (  turbo9_boot.asm):00192           bne   bootload_done
FC6D BDFCC0           (  turbo9_boot.asm):00193           jsr   put_len_in_a
FC70 BDFCCD           (  turbo9_boot.asm):00194           jsr   put_addr_in_y
FC73 BDFCDF           (  turbo9_boot.asm):00195           jsr   calc_checksum_x
FC76                  (  turbo9_boot.asm):00196         s9r_lf
FC76 BDFD4A           (  turbo9_boot.asm):00197           jsr   getchar_b
FC79 C10A             (  turbo9_boot.asm):00198           cmpb  #$0a
FC7B 26F9             (  turbo9_boot.asm):00199           bne   s9r_lf        ; strip the last LF from the data stream
FC7D 2000             (  turbo9_boot.asm):00200           bra   bootload_done
                      (  turbo9_boot.asm):00201           
                      (  turbo9_boot.asm):00202         
                      (  turbo9_boot.asm):00203         ; //////////////////// Bootloader done
                      (  turbo9_boot.asm):00204         ; //
FC7F                  (  turbo9_boot.asm):00205         bootload_done
FC7F CCFD0F           (  turbo9_boot.asm):00206           ldd   #string_checksum
FC82 BDFD88           (  turbo9_boot.asm):00207           jsr   print_string
FC85 3084             (  turbo9_boot.asm):00208           leax  ,x            ; checksum ok?
FC87 2709             (  turbo9_boot.asm):00209           beq   bootload_good
FC89 CCFD22           (  turbo9_boot.asm):00210           ldd   #string_fail
FC8C BDFD88           (  turbo9_boot.asm):00211           jsr   print_string
FC8F 7EFC00           (  turbo9_boot.asm):00212           jmp   boot_start
FC92                  (  turbo9_boot.asm):00213         bootload_good
FC92 CCFD27           (  turbo9_boot.asm):00214           ldd   #string_pass_total_bytes
FC95 BDFD88           (  turbo9_boot.asm):00215           jsr   print_string
FC98 1F30             (  turbo9_boot.asm):00216           tfr   u,d           ; U = total_bytes
FC9A BDFDA0           (  turbo9_boot.asm):00217           jsr   puthex_16bit
FC9D CCFD3C           (  turbo9_boot.asm):00218           ldd   #string_jsr
FCA0 BDFD88           (  turbo9_boot.asm):00219           jsr   print_string
FCA3 1F20             (  turbo9_boot.asm):00220           tfr   y,d           ; Y = loaded program start address
FCA5 BDFDA0           (  turbo9_boot.asm):00221           jsr   puthex_16bit
FCA8 CCFD48           (  turbo9_boot.asm):00222           ldd   #string_line_feed
FCAB BDFD88           (  turbo9_boot.asm):00223           jsr   print_string
FCAE BDFD88           (  turbo9_boot.asm):00224           jsr   print_string
FCB1                  (  turbo9_boot.asm):00225         call_prog_start
FCB1 C601             (  turbo9_boot.asm):00226           ldb   #$01
FCB3 F7FF00           (  turbo9_boot.asm):00227           stb   gpo_port    ; set outport[0] = 1 to tell TB test has begun 
FCB6 ADA4             (  turbo9_boot.asm):00228           jsr   ,y          ; jump/call to loaded program at address Y 
                      (  turbo9_boot.asm):00229           ;
                      (  turbo9_boot.asm):00230           ; Run the loaded program!
                      (  turbo9_boot.asm):00231           ;
FCB8                  (  turbo9_boot.asm):00232         boot_return
FCB8                  (  turbo9_boot.asm):00233         boot_return_io_lib
FCB8 C602             (  turbo9_boot.asm):00234           ldb   #$02
FCBA F7FF00           (  turbo9_boot.asm):00235           stb   gpo_port    ;  set outport[1] = 1 to tell TB test has finished
FCBD 7EFC00           (  turbo9_boot.asm):00236           jmp   boot_start
                      (  turbo9_boot.asm):00237         
                      (  turbo9_boot.asm):00238         ; ////////////////////////////////////////////////////////////////////////////
                      (  turbo9_boot.asm):00239         
                      (  turbo9_boot.asm):00240         
                      (  turbo9_boot.asm):00241         ; ////////////////////////////////////////////////////////////////////////////
                      (  turbo9_boot.asm):00242         ;                            Helper Functions
                      (  turbo9_boot.asm):00243         ; ////////////////////////////////////////////////////////////////////////////
                      (  turbo9_boot.asm):00244         
                      (  turbo9_boot.asm):00245         
                      (  turbo9_boot.asm):00246         ; //////////////////// Get length, put in A
                      (  turbo9_boot.asm):00247         ; //
FCC0                  (  turbo9_boot.asm):00248         put_len_in_a
                      (  turbo9_boot.asm):00249           ; put length in A, update checksum in X.
FCC0 3404             (  turbo9_boot.asm):00250           pshs  b
FCC2 BDFD5C           (  turbo9_boot.asm):00251           jsr   gethex_byte   ; Read length
FCC5 3085             (  turbo9_boot.asm):00252           leax  b,x           ; add_checksum
FCC7 C003             (  turbo9_boot.asm):00253           subb  #3            ; minus 16bit address & checksum equals number of data bytes
FCC9 1F98             (  turbo9_boot.asm):00254           tfr   b,a           ; put byte_cnt in A
FCCB 3584             (  turbo9_boot.asm):00255           puls  b,pc
                      (  turbo9_boot.asm):00256         
                      (  turbo9_boot.asm):00257         
                      (  turbo9_boot.asm):00258         ; //////////////////// Get address, put in Y
                      (  turbo9_boot.asm):00259         ; //
FCCD                  (  turbo9_boot.asm):00260         put_addr_in_y
                      (  turbo9_boot.asm):00261           ; put address in Y, update checksum in X.
FCCD 3406             (  turbo9_boot.asm):00262           pshs  a,b
FCCF BDFD5C           (  turbo9_boot.asm):00263           jsr   gethex_byte
FCD2 3085             (  turbo9_boot.asm):00264           leax  b,x           ; add_checksum
FCD4 1F98             (  turbo9_boot.asm):00265           tfr   b,a           ; put write_addr[15:8] in A
FCD6 BDFD5C           (  turbo9_boot.asm):00266           jsr   gethex_byte
FCD9 3085             (  turbo9_boot.asm):00267           leax  b,x           ; add_checksum
FCDB 1F02             (  turbo9_boot.asm):00268           tfr   d,y           ; Y = write_addr
FCDD 3586             (  turbo9_boot.asm):00269           puls  a,b,pc
                      (  turbo9_boot.asm):00270         
                      (  turbo9_boot.asm):00271         
                      (  turbo9_boot.asm):00272         ; //////////////////// Get checksum, compare to X
                      (  turbo9_boot.asm):00273         ; //
FCDF                  (  turbo9_boot.asm):00274         calc_checksum_x
                      (  turbo9_boot.asm):00275           ; the S1 checksum should equal the one's complement of our running checksum in x[7:0]
FCDF 3406             (  turbo9_boot.asm):00276           pshs  a,b
FCE1 BDFD5C           (  turbo9_boot.asm):00277           jsr   gethex_byte   ; read S1 checksum
FCE4 E7E2             (  turbo9_boot.asm):00278           stb   ,-s           ; push S1 checksum onto stack
FCE6 1F10             (  turbo9_boot.asm):00279           tfr   x,d
FCE8 E8E4             (  turbo9_boot.asm):00280           eorb  ,s            ; B = $FF if correct
FCEA 5C               (  turbo9_boot.asm):00281           incb                ; B = $00 if correct
FCEB 4F               (  turbo9_boot.asm):00282           clra
FCEC 1F01             (  turbo9_boot.asm):00283           tfr   d,x           ; X = $0000 if correct
FCEE 3261             (  turbo9_boot.asm):00284           leas  1,s           ; clean up stack
FCF0 3586             (  turbo9_boot.asm):00285           puls  a,b,pc
                      (  turbo9_boot.asm):00286         
                      (  turbo9_boot.asm):00287         ; ////////////////////////////////////////////////////////////////////////////
                      (  turbo9_boot.asm):00288         
                      (  turbo9_boot.asm):00289         
                      (  turbo9_boot.asm):00290         ; ////////////////////////////////////////////////////////////////////////////
                      (  turbo9_boot.asm):00291         ;                              Data Block
                      (  turbo9_boot.asm):00292         ; ////////////////////////////////////////////////////////////////////////////
                      (  turbo9_boot.asm):00293         
FCF2                  (  turbo9_boot.asm):00294         string_prompt
FCF2 0A               (  turbo9_boot.asm):00295           fcb  $0a
FCF3 0A               (  turbo9_boot.asm):00296           fcb  $0a
FCF4 3E20547572626F39 (  turbo9_boot.asm):00297           fcc  "> Turbo9 S19 Bootloader"
     2053313920426F6F
     746C6F61646572
FD0B 0A               (  turbo9_boot.asm):00298           fcb  $0a
FD0C 3E20             (  turbo9_boot.asm):00299           fcc  "> "
FD0E 00               (  turbo9_boot.asm):00300           fcb  $00
                      (  turbo9_boot.asm):00301         
FD0F                  (  turbo9_boot.asm):00302         string_checksum
FD0F 20646F6E6521     (  turbo9_boot.asm):00303           fcc  " done!"
FD15 0A               (  turbo9_boot.asm):00304           fcb  $0a
FD16 3E20436865636B73 (  turbo9_boot.asm):00305           fcc  "> Checksum "
     756D20
FD21 00               (  turbo9_boot.asm):00306           fcb  $00
                      (  turbo9_boot.asm):00307         
FD22                  (  turbo9_boot.asm):00308         string_fail
FD22 4641494C         (  turbo9_boot.asm):00309           fcc  "FAIL"
FD26 00               (  turbo9_boot.asm):00310           fcb  $00
                      (  turbo9_boot.asm):00311         
FD27                  (  turbo9_boot.asm):00312         string_pass_total_bytes
FD27 50415353         (  turbo9_boot.asm):00313           fcc  "PASS"
FD2B 0A               (  turbo9_boot.asm):00314           fcb  $0a
FD2C 3E20546F74616C20 (  turbo9_boot.asm):00315           fcc  "> Total bytes $"
     62797465732024
FD3B 00               (  turbo9_boot.asm):00316           fcb  $00
                      (  turbo9_boot.asm):00317         
FD3C                  (  turbo9_boot.asm):00318         string_jsr
FD3C 0A               (  turbo9_boot.asm):00319           fcb  $0a
FD3D 3E204A535220746F (  turbo9_boot.asm):00320           fcc  "> JSR to $"
     2024
FD47 00               (  turbo9_boot.asm):00321           fcb  $00
                      (  turbo9_boot.asm):00322         
FD48                  (  turbo9_boot.asm):00323         string_line_feed
FD48 0A               (  turbo9_boot.asm):00324           fcb  $0a
FD49 00               (  turbo9_boot.asm):00325           fcb  $00
                      (  turbo9_boot.asm):00326         
                      (  turbo9_boot.asm):00327         ; ////////////////////////////////////////////////////////////////////////////
                      (  turbo9_boot.asm):00328         
                      (  turbo9_boot.asm):00329         
                      (  turbo9_boot.asm):00330         ; ////////////////////////////////////////////////////////////////////////////
                      (  turbo9_boot.asm):00331         ;                       Common I/O Function Library
                      (  turbo9_boot.asm):00332         ; ////////////////////////////////////////////////////////////////////////////
                      (  turbo9_boot.asm):00333         
FD4A                  (  turbo9_boot.asm):00334         turbo9_io_addr:
                      (  turbo9_boot.asm):00335          
                      (  turbo9_boot.asm):00336           include   turbo9_io.asm
                      (    turbo9_io.asm):00001         ; [TURBO9_HEADER_START]
                      (    turbo9_io.asm):00002         ; ////////////////////////////////////////////////////////////////////////////
                      (    turbo9_io.asm):00003         ;                          Turbo9 Microprocessor IP
                      (    turbo9_io.asm):00004         ; ////////////////////////////////////////////////////////////////////////////
                      (    turbo9_io.asm):00005         ; Website: www.turbo9.org
                      (    turbo9_io.asm):00006         ; Contact: team[at]turbo9[dot]org
                      (    turbo9_io.asm):00007         ; ////////////////////////////////////////////////////////////////////////////
                      (    turbo9_io.asm):00008         ; [TURBO9_LICENSE_START]
                      (    turbo9_io.asm):00009         ; BSD-1-Clause
                      (    turbo9_io.asm):00010         ;
                      (    turbo9_io.asm):00011         ; Copyright (c) 2020-2023
                      (    turbo9_io.asm):00012         ; Kevin Phillipson
                      (    turbo9_io.asm):00013         ; Michael Rywalt
                      (    turbo9_io.asm):00014         ; All rights reserved.
                      (    turbo9_io.asm):00015         ;
                      (    turbo9_io.asm):00016         ; Redistribution and use in source and binary forms, with or without
                      (    turbo9_io.asm):00017         ; modification, are permitted provided that the following conditions are met:
                      (    turbo9_io.asm):00018         ;
                      (    turbo9_io.asm):00019         ; 1. Redistributions of source code must retain the above copyright notice,
                      (    turbo9_io.asm):00020         ;    this list of conditions and the following disclaimer.
                      (    turbo9_io.asm):00021         ;
                      (    turbo9_io.asm):00022         ; THIS SOFTWARE IS PROVIDED BY THE COPYRIGHT HOLDERS AND CONTRIBUTORS "AS IS"
                      (    turbo9_io.asm):00023         ; AND ANY EXPRESS OR IMPLIED WARRANTIES, INCLUDING, BUT NOT LIMITED TO, THE
                      (    turbo9_io.asm):00024         ; IMPLIED WARRANTIES OF MERCHANTABILITY AND FITNESS FOR A PARTICULAR PURPOSE
                      (    turbo9_io.asm):00025         ; ARE DISCLAIMED. IN NO EVENT SHALL THE COPYRIGHT HOLDERS AND CONTRIBUTORS BE
                      (    turbo9_io.asm):00026         ; LIABLE FOR ANY DIRECT, INDIRECT, INCIDENTAL, SPECIAL, EXEMPLARY, OR
                      (    turbo9_io.asm):00027         ; CONSEQUENTIAL DAMAGES (INCLUDING, BUT NOT LIMITED TO, PROCUREMENT OF
                      (    turbo9_io.asm):00028         ; SUBSTITUTE GOODS OR SERVICES; LOSS OF USE, DATA, OR PROFITS; OR BUSINESS
                      (    turbo9_io.asm):00029         ; INTERRUPTION) HOWEVER CAUSED AND ON ANY THEORY OF LIABILITY, WHETHER IN
                      (    turbo9_io.asm):00030         ; CONTRACT, STRICT LIABILITY, OR TORT (INCLUDING NEGLIGENCE OR OTHERWISE)
                      (    turbo9_io.asm):00031         ; ARISING IN ANY WAY OUT OF THE USE OF THIS SOFTWARE, EVEN IF ADVISED OF THE
                      (    turbo9_io.asm):00032         ; POSSIBILITY OF SUCH DAMAGE.
                      (    turbo9_io.asm):00033         ; [TURBO9_LICENSE_END]
                      (    turbo9_io.asm):00034         ; ////////////////////////////////////////////////////////////////////////////
                      (    turbo9_io.asm):00035         ; Engineer: Kevin Phillipson
                      (    turbo9_io.asm):00036         ; Description: Input / Output Library
                      (    turbo9_io.asm):00037         ;
                      (    turbo9_io.asm):00038         ; ////////////////////////////////////////////////////////////////////////////
                      (    turbo9_io.asm):00039         ; History:
                      (    turbo9_io.asm):00040         ; 07.14.2023 - Kevin Phillipson
                      (    turbo9_io.asm):00041         ;   File header added
                      (    turbo9_io.asm):00042         ;
                      (    turbo9_io.asm):00043         ; ////////////////////////////////////////////////////////////////////////////
                      (    turbo9_io.asm):00044         ; [TURBO9_HEADER_END]
                      (    turbo9_io.asm):00045         
                      (    turbo9_io.asm):00046         ; ////////////////////////////////////////////////////////////////////////////
                      (    turbo9_io.asm):00047         ;                             Turbo9 I/O Functions
                      (    turbo9_io.asm):00048         ; ////////////////////////////////////////////////////////////////////////////
                      (    turbo9_io.asm):00049         
                      (    turbo9_io.asm):00050         
                      (    turbo9_io.asm):00051         
                      (    turbo9_io.asm):00052         ; ////////////////////// Recieve byte and return in B
                      (    turbo9_io.asm):00053         ;
FD4A                  (    turbo9_io.asm):00054         getchar_b
FD4A                  (    turbo9_io.asm):00055         getchar_b_io_lib
FD4A F6FF03           (    turbo9_io.asm):00056           ldb   >acia_status
FD4D C508             (    turbo9_io.asm):00057           bitb  #$08
FD4F 27F9             (    turbo9_io.asm):00058           beq   getchar_b
FD51 F6FF02           (    turbo9_io.asm):00059           ldb   >acia_data
FD54 39               (    turbo9_io.asm):00060           rts
                      (    turbo9_io.asm):00061         
                      (    turbo9_io.asm):00062         
                      (    turbo9_io.asm):00063         ; ////////////////////// Get Hex 16bit
                      (    turbo9_io.asm):00064         ; 
                      (    turbo9_io.asm):00065         ; Get 4 hex digit and convert
                      (    turbo9_io.asm):00066         ; to binary word. Return in D
                      (    turbo9_io.asm):00067         ;
FD55                  (    turbo9_io.asm):00068         gethex_16bit
FD55                  (    turbo9_io.asm):00069         gethex_16bit_io_lib
FD55 8D05             (    turbo9_io.asm):00070           bsr   gethex_byte
FD57 1F98             (    turbo9_io.asm):00071           tfr   b,a
FD59 8D01             (    turbo9_io.asm):00072           bsr   gethex_byte
FD5B 39               (    turbo9_io.asm):00073           rts
                      (    turbo9_io.asm):00074         
                      (    turbo9_io.asm):00075         ; ////////////////////// Get Hex Byte
                      (    turbo9_io.asm):00076         ; 
                      (    turbo9_io.asm):00077         ; Get 2 hex digit and convert
                      (    turbo9_io.asm):00078         ; to binary byte. Return in B
                      (    turbo9_io.asm):00079         ;
FD5C                  (    turbo9_io.asm):00080         gethex_byte
FD5C                  (    turbo9_io.asm):00081         gethex_byte_io_lib
FD5C 8D0B             (    turbo9_io.asm):00082           bsr   gethex_digit
FD5E 58               (    turbo9_io.asm):00083           lslb
FD5F 58               (    turbo9_io.asm):00084           lslb
FD60 58               (    turbo9_io.asm):00085           lslb
FD61 58               (    turbo9_io.asm):00086           lslb
FD62 3404             (    turbo9_io.asm):00087           pshs  b
FD64 8D03             (    turbo9_io.asm):00088           bsr   gethex_digit
FD66 EAE0             (    turbo9_io.asm):00089           orb   ,s+
FD68 39               (    turbo9_io.asm):00090           rts
                      (    turbo9_io.asm):00091         
                      (    turbo9_io.asm):00092         ; ////////////////////// Get Hex Digit
                      (    turbo9_io.asm):00093         ;
                      (    turbo9_io.asm):00094         ; Get hex digit and convert
                      (    turbo9_io.asm):00095         ; to binary nibble. Return in B
                      (    turbo9_io.asm):00096         ;
FD69                  (    turbo9_io.asm):00097         gethex_digit
FD69                  (    turbo9_io.asm):00098         gethex_digit_io_lib
FD69 8DDF             (    turbo9_io.asm):00099           bsr   getchar_b
FD6B C139             (    turbo9_io.asm):00100           cmpb  #'9'        ; 0 to 9?
FD6D 2308             (    turbo9_io.asm):00101           bls   ghd_0to9
FD6F C146             (    turbo9_io.asm):00102           cmpb  #'F'        ; A to F?
FD71 2302             (    turbo9_io.asm):00103           bls   ghd_AtoF
FD73                  (    turbo9_io.asm):00104         ghd_atof            ; else a to f
FD73 C020             (    turbo9_io.asm):00105           subb  #32         ; ascii a: 97 - 32  - 7 - 48 = 10
FD75                  (    turbo9_io.asm):00106         ghd_AtoF
FD75 C007             (    turbo9_io.asm):00107           subb  #7          ; ascii A: 65 - 7 - 48 = 10
FD77                  (    turbo9_io.asm):00108         ghd_0to9
FD77 C030             (    turbo9_io.asm):00109           subb  #48         ; ascii 0: 48 - 48 = 0
FD79 39               (    turbo9_io.asm):00110           rts
                      (    turbo9_io.asm):00111         
                      (    turbo9_io.asm):00112         
                      (    turbo9_io.asm):00113         
                      (    turbo9_io.asm):00114         
                      (    turbo9_io.asm):00115         ; ////////////////////// Send byte contained in B
                      (    turbo9_io.asm):00116         ;
FD7A                  (    turbo9_io.asm):00117         putchar_b
FD7A                  (    turbo9_io.asm):00118         putchar_b_io_lib
FD7A 3402             (    turbo9_io.asm):00119           pshs  a
FD7C                  (    turbo9_io.asm):00120         pcb_wait
FD7C B6FF03           (    turbo9_io.asm):00121           lda   >acia_status
FD7F 8510             (    turbo9_io.asm):00122           bita  #$10
FD81 27F9             (    turbo9_io.asm):00123           beq   pcb_wait
FD83 F7FF02           (    turbo9_io.asm):00124           stb   >acia_data
FD86 3582             (    turbo9_io.asm):00125           puls  a,pc
                      (    turbo9_io.asm):00126         
                      (    turbo9_io.asm):00127         ; ////////////////////// Print null terminated string pointed to by D
                      (    turbo9_io.asm):00128         ;
                      (    turbo9_io.asm):00129         ; Adds CR to LF to support standard VT-100
                      (    turbo9_io.asm):00130         ;
FD88                  (    turbo9_io.asm):00131         print_string
FD88                  (    turbo9_io.asm):00132         print_string_io_lib
FD88 3414             (    turbo9_io.asm):00133           pshs  b,x
FD8A 1F01             (    turbo9_io.asm):00134           tfr   d,x
FD8C                  (    turbo9_io.asm):00135         ps_loop
FD8C E680             (    turbo9_io.asm):00136           ldb   ,x+
FD8E 270E             (    turbo9_io.asm):00137           beq   ps_end
FD90 C10A             (    turbo9_io.asm):00138           cmpb  #$0a
FD92 2606             (    turbo9_io.asm):00139           bne   ps_not_lf
FD94 C60D             (    turbo9_io.asm):00140           ldb   #$0d
FD96 8DE2             (    turbo9_io.asm):00141           bsr   putchar_b
FD98 C60A             (    turbo9_io.asm):00142           ldb   #$0a
FD9A                  (    turbo9_io.asm):00143         ps_not_lf
FD9A 8DDE             (    turbo9_io.asm):00144           bsr   putchar_b
FD9C 20EE             (    turbo9_io.asm):00145           bra   ps_loop
FD9E                  (    turbo9_io.asm):00146         ps_end
FD9E 3594             (    turbo9_io.asm):00147           puls  b,x,pc
                      (    turbo9_io.asm):00148         
                      (    turbo9_io.asm):00149         ; ////////////////////// Put Hex 16bit
                      (    turbo9_io.asm):00150         ;
                      (    turbo9_io.asm):00151         ; Print hex value in D
                      (    turbo9_io.asm):00152         ;
FDA0                  (    turbo9_io.asm):00153         puthex_16bit
FDA0                  (    turbo9_io.asm):00154         puthex_16bit_io_lib
FDA0 1E89             (    turbo9_io.asm):00155           exg   a,b
FDA2 8D05             (    turbo9_io.asm):00156           bsr   puthex_byte
FDA4 1E89             (    turbo9_io.asm):00157           exg   a,b
FDA6 8D01             (    turbo9_io.asm):00158           bsr   puthex_byte
FDA8 39               (    turbo9_io.asm):00159           rts
                      (    turbo9_io.asm):00160         
                      (    turbo9_io.asm):00161         
                      (    turbo9_io.asm):00162         ; ////////////////////// Put Hex Byte
                      (    turbo9_io.asm):00163         ;
                      (    turbo9_io.asm):00164         ; Print hex value in B
                      (    turbo9_io.asm):00165         ;
FDA9                  (    turbo9_io.asm):00166         puthex_byte
FDA9                  (    turbo9_io.asm):00167         puthex_byte_io_lib
FDA9 3404             (    turbo9_io.asm):00168           pshs  b
FDAB 54               (    turbo9_io.asm):00169           lsrb
FDAC 54               (    turbo9_io.asm):00170           lsrb
FDAD 54               (    turbo9_io.asm):00171           lsrb
FDAE 54               (    turbo9_io.asm):00172           lsrb
FDAF 8D05             (    turbo9_io.asm):00173           bsr   puthex_digit
FDB1 3504             (    turbo9_io.asm):00174           puls  b
FDB3 8D01             (    turbo9_io.asm):00175           bsr   puthex_digit
FDB5 39               (    turbo9_io.asm):00176           rts
                      (    turbo9_io.asm):00177         
                      (    turbo9_io.asm):00178         
                      (    turbo9_io.asm):00179         ; ////////////////////// Put Hex Digit
                      (    turbo9_io.asm):00180         ;
FDB6                  (    turbo9_io.asm):00181         puthex_digit
FDB6                  (    turbo9_io.asm):00182         puthex_digit_io_lib
FDB6 3404             (    turbo9_io.asm):00183           pshs  b
FDB8 C40F             (    turbo9_io.asm):00184           andb  #$0f
FDBA C10A             (    turbo9_io.asm):00185           cmpb  #$0a
FDBC 2502             (    turbo9_io.asm):00186           blo   phd_0to9
FDBE                  (    turbo9_io.asm):00187         phd_AtoF
FDBE CB07             (    turbo9_io.asm):00188           addb  #7
FDC0                  (    turbo9_io.asm):00189         phd_0to9
FDC0 CB30             (    turbo9_io.asm):00190           addb  #48
FDC2 8DB6             (    turbo9_io.asm):00191           bsr   putchar_b
FDC4 3584             (    turbo9_io.asm):00192           puls  b,pc
                      (    turbo9_io.asm):00193         
                      (    turbo9_io.asm):00194         
                      (    turbo9_io.asm):00195         ; ////////////////////////////////////////////////////////////////////////////
                      (    turbo9_io.asm):00196         
                      (    turbo9_io.asm):00197         
                      (  turbo9_boot.asm):00337         
                      (  turbo9_boot.asm):00338         ; ////////////////////////////////////////////////////////////////////////////
                      (  turbo9_boot.asm):00339         
                      (  turbo9_boot.asm):00340         
                      (  turbo9_boot.asm):00341         ; ////////////////////////////////////////////////////////////////////////////
                      (  turbo9_boot.asm):00342         ;                      Reset / Interrupt Vector Table
                      (  turbo9_boot.asm):00343         ; ////////////////////////////////////////////////////////////////////////////
                      (  turbo9_boot.asm):00344         ;
                      (  turbo9_boot.asm):00345         ; org'd at $fdf0, the mirrored alias of $fff0 (see boot_start), so the CPU's
                      (  turbo9_boot.asm):00346         ; hardware-fixed $fffe fetch on reset reads back what's assembled here.
                      (  turbo9_boot.asm):00347         
                      (  turbo9_boot.asm):00348           org  $fdf0
FDF0                  (  turbo9_boot.asm):00349         boot_vector_table:
                      (  turbo9_boot.asm):00350         
FDF0                  (  turbo9_boot.asm):00351         boot_reserved_vector:
FDF0 FC00             (  turbo9_boot.asm):00352           fdb boot_start
FDF2                  (  turbo9_boot.asm):00353         boot_swi3_vector:
FDF2 FC00             (  turbo9_boot.asm):00354           fdb boot_start
FDF4                  (  turbo9_boot.asm):00355         boot_swi2_vector:
FDF4 FC00             (  turbo9_boot.asm):00356           fdb boot_start
FDF6                  (  turbo9_boot.asm):00357         boot_firq_vector:
FDF6 FC00             (  turbo9_boot.asm):00358           fdb boot_start
FDF8                  (  turbo9_boot.asm):00359         boot_irq_vector:
FDF8 FC00             (  turbo9_boot.asm):00360           fdb boot_start
FDFA                  (  turbo9_boot.asm):00361         boot_swi_vector:
FDFA FC00             (  turbo9_boot.asm):00362           fdb boot_start
FDFC                  (  turbo9_boot.asm):00363         boot_nmi_vector:
FDFC FC00             (  turbo9_boot.asm):00364           fdb boot_start
FDFE                  (  turbo9_boot.asm):00365         boot_reset_vector:
FDFE FC00             (  turbo9_boot.asm):00366           fdb boot_start
                      (  turbo9_boot.asm):00367         
                      (  turbo9_boot.asm):00368         ; ////////////////////////////////////////////////////////////////////////////
